10:36:24 **** Build of project standalone_bsp_0 ****
make -k all 
"Running Make include in ps7_cortexa9_0/libsrc/cpu_cortexa9_v2_1/src"
make -C ps7_cortexa9_0/libsrc/cpu_cortexa9_v2_1/src -s include  "SHELL=CMD" "COMPILER=arm-xilinx-eabi-gcc" "ARCHIVER=arm-xilinx-eabi-ar" "COMPILER_FLAGS=  -O2 -c" "EXTRA_COMPILER_FLAGS=-g"
"Running Make include in ps7_cortexa9_0/libsrc/devcfg_v3_2/src"
make -C ps7_cortexa9_0/libsrc/devcfg_v3_2/src -s include  "SHELL=CMD" "COMPILER=arm-xilinx-eabi-gcc" "ARCHIVER=arm-xilinx-eabi-ar" "COMPILER_FLAGS=  -O2 -c" "EXTRA_COMPILER_FLAGS=-g"
"Running Make include in ps7_cortexa9_0/libsrc/dmaps_v2_1/src"
make -C ps7_cortexa9_0/libsrc/dmaps_v2_1/src -s include  "SHELL=CMD" "COMPILER=arm-xilinx-eabi-gcc" "ARCHIVER=arm-xilinx-eabi-ar" "COMPILER_FLAGS=  -O2 -c" "EXTRA_COMPILER_FLAGS=-g"
"Running Make include in ps7_cortexa9_0/libsrc/gpio_v4_0/src"
make -C ps7_cortexa9_0/libsrc/gpio_v4_0/src -s include  "SHELL=CMD" "COMPILER=arm-xilinx-eabi-gcc" "ARCHIVER=arm-xilinx-eabi-ar" "COMPILER_FLAGS=  -O2 -c" "EXTRA_COMPILER_FLAGS=-g"
"Running Make include in ps7_cortexa9_0/libsrc/lwip140_v2_3/src"
make -C ps7_cortexa9_0/libsrc/lwip140_v2_3/src -s include  "SHELL=CMD" "COMPILER=arm-xilinx-eabi-gcc" "ARCHIVER=arm-xilinx-eabi-ar" "COMPILER_FLAGS=  -O2 -c" "EXTRA_COMPILER_FLAGS=-g"
"Running Make include in ps7_cortexa9_0/libsrc/scugic_v2_1/src"
make -C ps7_cortexa9_0/libsrc/scugic_v2_1/src -s include  "SHELL=CMD" "COMPILER=arm-xilinx-eabi-gcc" "ARCHIVER=arm-xilinx-eabi-ar" "COMPILER_FLAGS=  -O2 -c" "EXTRA_COMPILER_FLAGS=-g"
"Running Make include in ps7_cortexa9_0/libsrc/scutimer_v2_0/src"
make -C ps7_cortexa9_0/libsrc/scutimer_v2_0/src -s include  "SHELL=CMD" "COMPILER=arm-xilinx-eabi-gcc" "ARCHIVER=arm-xilinx-eabi-ar" "COMPILER_FLAGS=  -O2 -c" "EXTRA_COMPILER_FLAGS=-g"
"Running Make include in ps7_cortexa9_0/libsrc/scuwdt_v2_0/src"
make -C ps7_cortexa9_0/libsrc/scuwdt_v2_0/src -s include  "SHELL=CMD" "COMPILER=arm-xilinx-eabi-gcc" "ARCHIVER=arm-xilinx-eabi-ar" "COMPILER_FLAGS=  -O2 -c" "EXTRA_COMPILER_FLAGS=-g"
"Running Make include in ps7_cortexa9_0/libsrc/uartps_v2_2/src"
make -C ps7_cortexa9_0/libsrc/uartps_v2_2/src -s include  "SHELL=CMD" "COMPILER=arm-xilinx-eabi-gcc" "ARCHIVER=arm-xilinx-eabi-ar" "COMPILER_FLAGS=  -O2 -c" "EXTRA_COMPILER_FLAGS=-g"
"Running Make include in ps7_cortexa9_0/libsrc/xadcps_v2_1/src"
make -C ps7_cortexa9_0/libsrc/xadcps_v2_1/src -s include  "SHELL=CMD" "COMPILER=arm-xilinx-eabi-gcc" "ARCHIVER=arm-xilinx-eabi-ar" "COMPILER_FLAGS=  -O2 -c" "EXTRA_COMPILER_FLAGS=-g"
"Running Make include in ps7_cortexa9_0/libsrc/xilffs_v2_2/src"
make -C ps7_cortexa9_0/libsrc/xilffs_v2_2/src -s include  "SHELL=CMD" "COMPILER=arm-xilinx-eabi-gcc" "ARCHIVER=arm-xilinx-eabi-ar" "COMPILER_FLAGS=  -O2 -c" "EXTRA_COMPILER_FLAGS=-g"
"Running Make include in ps7_cortexa9_0/libsrc/xilflash_v4_0/src"
make -C ps7_cortexa9_0/libsrc/xilflash_v4_0/src -s include  "SHELL=CMD" "COMPILER=arm-xilinx-eabi-gcc" "ARCHIVER=arm-xilinx-eabi-ar" "COMPILER_FLAGS=  -O2 -c" "EXTRA_COMPILER_FLAGS=-g"
"Running Make include in ps7_cortexa9_0/libsrc/xilisf_v5_0/src"
make -C ps7_cortexa9_0/libsrc/xilisf_v5_0/src -s include  "SHELL=CMD" "COMPILER=arm-xilinx-eabi-gcc" "ARCHIVER=arm-xilinx-eabi-ar" "COMPILER_FLAGS=  -O2 -c" "EXTRA_COMPILER_FLAGS=-g"
"Running Make include in ps7_cortexa9_0/libsrc/xilmfs_v2_0/src"
make -C ps7_cortexa9_0/libsrc/xilmfs_v2_0/src -s include  "SHELL=CMD" "COMPILER=arm-xilinx-eabi-gcc" "ARCHIVER=arm-xilinx-eabi-ar" "COMPILER_FLAGS=  -O2 -c" "EXTRA_COMPILER_FLAGS=-g"
"Running Make include in ps7_cortexa9_0/libsrc/xilrsa_v1_1/src"
make -C ps7_cortexa9_0/libsrc/xilrsa_v1_1/src -s include  "SHELL=CMD" "COMPILER=arm-xilinx-eabi-gcc" "ARCHIVER=arm-xilinx-eabi-ar" "COMPILER_FLAGS=  -O2 -c" "EXTRA_COMPILER_FLAGS=-g"
"Running Make include in ps7_cortexa9_0/libsrc/xilskey_v2_0/src"
make -C ps7_cortexa9_0/libsrc/xilskey_v2_0/src -s include  "SHELL=CMD" "COMPILER=arm-xilinx-eabi-gcc" "ARCHIVER=arm-xilinx-eabi-ar" "COMPILER_FLAGS=  -O2 -c" "EXTRA_COMPILER_FLAGS=-g"
"Running Make libs in ps7_cortexa9_0/libsrc/cpu_cortexa9_v2_1/src"
make -C ps7_cortexa9_0/libsrc/cpu_cortexa9_v2_1/src -s libs  "SHELL=CMD" "COMPILER=arm-xilinx-eabi-gcc" "ARCHIVER=arm-xilinx-eabi-ar" "COMPILER_FLAGS=  -O2 -c" "EXTRA_COMPILER_FLAGS=-g"
"Compiling cpu_cortexa9"
"Running Make libs in ps7_cortexa9_0/libsrc/devcfg_v3_2/src"
make -C ps7_cortexa9_0/libsrc/devcfg_v3_2/src -s libs  "SHELL=CMD" "COMPILER=arm-xilinx-eabi-gcc" "ARCHIVER=arm-xilinx-eabi-ar" "COMPILER_FLAGS=  -O2 -c" "EXTRA_COMPILER_FLAGS=-g"
"Compiling devcfg"
In file included from xdevcfg.h:160:0,
                 from xdevcfg.c:90:
xdevcfg_hw.h:65:23: fatal error: xil_types.h: No such file or directory
 #include "xil_types.h"
                       ^
compilation terminated.
make[1]: *** [xdevcfg.o] 错误 1
In file included from xdevcfg.h:160:0,
                 from xdevcfg_g.c:53:
xdevcfg_hw.h:65:23: fatal error: xil_types.h: No such file or directory
 #include "xil_types.h"
                       ^
compilation terminated.
make[1]: *** [xdevcfg_g.o] 错误 1
In file included from xdevcfg_hw.c:50:0:
xdevcfg_hw.h:65:23: fatal error: xil_types.h: No such file or directory
 #include "xil_types.h"
                       ^
compilation terminated.
make[1]: *** [xdevcfg_hw.o] 错误 1
In file included from xdevcfg.h:160:0,
                 from xdevcfg_intr.c:55:
xdevcfg_hw.h:65:23: fatal error: xil_types.h: No such file or directory
 #include "xil_types.h"
                       ^
compilation terminated.
make[1]: *** [xdevcfg_intr.o] 错误 1
In file included from xdevcfg.h:160:0,
                 from xdevcfg_selftest.c:54:
xdevcfg_hw.h:65:23: fatal error: xil_types.h: No such file or directory
 #include "xil_types.h"
                       ^
compilation terminated.
make[1]: *** [xdevcfg_selftest.o] 错误 1
In file included from xdevcfg.h:160:0,
                 from xdevcfg_sinit.c:52:
xdevcfg_hw.h:65:23: fatal error: xil_types.h: No such file or directory
 #include "xil_types.h"
                       ^
compilation terminated.
make[1]: *** [xdevcfg_sinit.o] 错误 1
make[1]: 由于错误目标“libs”并未重新创建。
make: *** [ps7_cortexa9_0/libsrc/devcfg_v3_2/src/make.libs] 错误 2
"Running Make libs in ps7_cortexa9_0/libsrc/dmaps_v2_1/src"
make -C ps7_cortexa9_0/libsrc/dmaps_v2_1/src -s libs  "SHELL=CMD" "COMPILER=arm-xilinx-eabi-gcc" "ARCHIVER=arm-xilinx-eabi-ar" "COMPILER_FLAGS=  -O2 -c" "EXTRA_COMPILER_FLAGS=-g"
"Compiling dmaps"
xdmaps.c:76:21: fatal error: xstatus.h: No such file or directory
 #include "xstatus.h"
                     ^
compilation terminated.
make[1]: *** [xdmaps.o] 错误 1
xdmaps_g.c:52:25: fatal error: xparameters.h: No such file or directory
 #include "xparameters.h"
                         ^
compilation terminated.
make[1]: *** [xdmaps_g.o] 错误 1
In file included from xdmaps_hw.c:51:0:
xdmaps_hw.h:64:23: fatal error: xil_types.h: No such file or directory
 #include "xil_types.h"
                       ^
compilation terminated.
make[1]: *** [xdmaps_hw.o] 错误 1
xdmaps_selftest.c:51:21: fatal error: xstatus.h: No such file or directory
 #include "xstatus.h"
                     ^
compilation terminated.
make[1]: *** [xdmaps_selftest.o] 错误 1
xdmaps_sinit.c:52:21: fatal error: xstatus.h: No such file or directory
 #include "xstatus.h"
                     ^
compilation terminated.
make[1]: *** [xdmaps_sinit.o] 错误 1
make[1]: 由于错误目标“libs”并未重新创建。
make: *** [ps7_cortexa9_0/libsrc/dmaps_v2_1/src/make.libs] 错误 2
"Running Make libs in ps7_cortexa9_0/libsrc/gpio_v4_0/src"
make -C ps7_cortexa9_0/libsrc/gpio_v4_0/src -s libs  "SHELL=CMD" "COMPILER=arm-xilinx-eabi-gcc" "ARCHIVER=arm-xilinx-eabi-ar" "COMPILER_FLAGS=  -O2 -c" "EXTRA_COMPILER_FLAGS=-g"
"Compiling gpio"
In file included from xgpio.c:67:0:
xgpio.h:115:23: fatal error: xil_types.h: No such file or directory
 #include "xil_types.h"
                       ^
compilation terminated.
In file included from xgpio_extra.c:62:0:
xgpio.h:115:23: fatal error: xil_types.h: No such file or directory
 #include "xil_types.h"
                       ^
compilation terminated.
In file included from xgpio_g.c:54:0:
xgpio.h:115:23: fatal error: xil_types.h: No such file or directory
 #include "xil_types.h"
                       ^
compilation terminated.
In file included from xgpio_intr.c:61:0:
xgpio.h:115:23: fatal error: xil_types.h: No such file or directory
 #include "xil_types.h"
                       ^
compilation terminated.
In file included from xgpio_selftest.c:57:0:
xgpio.h:115:23: fatal error: xil_types.h: No such file or directory
 #include "xil_types.h"
                       ^
compilation terminated.
xgpio_sinit.c:56:21: fatal error: xstatus.h: No such file or directory
 #include "xstatus.h"
                     ^
compilation terminated.
make[1]: *** [libs] 错误 1
make: *** [ps7_cortexa9_0/libsrc/gpio_v4_0/src/make.libs] 错误 2
"Running Make libs in ps7_cortexa9_0/libsrc/lwip140_v2_3/src"
make -C ps7_cortexa9_0/libsrc/lwip140_v2_3/src -s libs  "SHELL=CMD" "COMPILER=arm-xilinx-eabi-gcc" "ARCHIVER=arm-xilinx-eabi-ar" "COMPILER_FLAGS=  -O2 -c" "EXTRA_COMPILER_FLAGS=-g"
"Compiling lwIP"
In file included from lwip-1.4.0/src/core/init.c:39:0:
../../../include/lwip/opt.h:48:26: fatal error: mb_interface.h: No such file or directory
 #include "mb_interface.h"
                          ^
compilation terminated.
make[1]: *** [lwip-1.4.0/src/core/init.o] 错误 1
In file included from lwip-1.4.0/src/core/mem.c:56:0:
../../../include/lwip/opt.h:48:26: fatal error: mb_interface.h: No such file or directory
 #include "mb_interface.h"
                          ^
compilation terminated.
make[1]: *** [lwip-1.4.0/src/core/mem.o] 错误 1
In file included from lwip-1.4.0/src/core/memp.c:41:0:
../../../include/lwip/opt.h:48:26: fatal error: mb_interface.h: No such file or directory
 #include "mb_interface.h"
                          ^
compilation terminated.
make[1]: *** [lwip-1.4.0/src/core/memp.o] 错误 1
In file included from lwip-1.4.0/src/core/netif.c:39:0:
../../../include/lwip/opt.h:48:26: fatal error: mb_interface.h: No such file or directory
 #include "mb_interface.h"
                          ^
compilation terminated.
make[1]: *** [lwip-1.4.0/src/core/netif.o] 错误 1
In file included from lwip-1.4.0/src/core/pbuf.c:64:0:
../../../include/lwip/opt.h:48:26: fatal error: mb_interface.h: No such file or directory
 #include "mb_interface.h"
                          ^
compilation terminated.
make[1]: *** [lwip-1.4.0/src/core/pbuf.o] 错误 1
In file included from lwip-1.4.0/src/core/raw.c:41:0:
../../../include/lwip/opt.h:48:26: fatal error: mb_interface.h: No such file or directory
 #include "mb_interface.h"
                          ^
compilation terminated.
make[1]: *** [lwip-1.4.0/src/core/raw.o] 错误 1
In file included from lwip-1.4.0/src/core/stats.c:39:0:
../../../include/lwip/opt.h:48:26: fatal error: mb_interface.h: No such file or directory
 #include "mb_interface.h"
                          ^
compilation terminated.
make[1]: *** [lwip-1.4.0/src/core/stats.o] 错误 1
In file included from lwip-1.4.0/src/core/def.c:39:0:
../../../include/lwip/opt.h:48:26: fatal error: mb_interface.h: No such file or directory
 #include "mb_interface.h"
                          ^
compilation terminated.
make[1]: *** [lwip-1.4.0/src/core/def.o] 错误 1
In file included from ../../../include/lwip/timers.h:36:0,
                 from lwip-1.4.0/src/core/timers.c:44:
../../../include/lwip/opt.h:48:26: fatal error: mb_interface.h: No such file or directory
 #include "mb_interface.h"
                          ^
compilation terminated.
make[1]: *** [lwip-1.4.0/src/core/timers.o] 错误 1
In file included from lwip-1.4.0/src/core/sys.c:39:0:
../../../include/lwip/opt.h:48:26: fatal error: mb_interface.h: No such file or directory
 #include "mb_interface.h"
                          ^
compilation terminated.
make[1]: *** [lwip-1.4.0/src/core/sys.o] 错误 1
In file included from lwip-1.4.0/src/netif/etharp.c:46:0:
../../../include/lwip/opt.h:48:26: fatal error: mb_interface.h: No such file or directory
 #include "mb_interface.h"
                          ^
compilation terminated.
make[1]: *** [lwip-1.4.0/src/netif/etharp.o] 错误 1
In file included from lwip-1.4.0/src/core/ipv4/ip_addr.c:39:0:
../../../include/lwip/opt.h:48:26: fatal error: mb_interface.h: No such file or directory
 #include "mb_interface.h"
                          ^
compilation terminated.
make[1]: *** [lwip-1.4.0/src/core/ipv4/ip_addr.o] 错误 1
In file included from lwip-1.4.0/src/core/ipv4/icmp.c:42:0:
../../../include/lwip/opt.h:48:26: fatal error: mb_interface.h: No such file or directory
 #include "mb_interface.h"
                          ^
compilation terminated.
make[1]: *** [lwip-1.4.0/src/core/ipv4/icmp.o] 错误 1
In file included from lwip-1.4.0/src/core/ipv4/igmp.c:80:0:
../../../include/lwip/opt.h:48:26: fatal error: mb_interface.h: No such file or directory
 #include "mb_interface.h"
                          ^
compilation terminated.
make[1]: *** [lwip-1.4.0/src/core/ipv4/igmp.o] 错误 1
In file included from lwip-1.4.0/src/core/ipv4/inet.c:39:0:
../../../include/lwip/opt.h:48:26: fatal error: mb_interface.h: No such file or directory
 #include "mb_interface.h"
                          ^
compilation terminated.
make[1]: *** [lwip-1.4.0/src/core/ipv4/inet.o] 错误 1
In file included from lwip-1.4.0/src/core/ipv4/inet_chksum.c:39:0:
../../../include/lwip/opt.h:48:26: fatal error: mb_interface.h: No such file or directory
 #include "mb_interface.h"
                          ^
compilation terminated.
make[1]: *** [lwip-1.4.0/src/core/ipv4/inet_chksum.o] 错误 1
In file included from lwip-1.4.0/src/core/ipv4/ip.c:41:0:
../../../include/lwip/opt.h:48:26: fatal error: mb_interface.h: No such file or directory
 #include "mb_interface.h"
                          ^
compilation terminated.
make[1]: *** [lwip-1.4.0/src/core/ipv4/ip.o] 错误 1
In file included from lwip-1.4.0/src/core/ipv4/ip_frag.c:41:0:
../../../include/lwip/opt.h:48:26: fatal error: mb_interface.h: No such file or directory
 #include "mb_interface.h"
                          ^
compilation terminated.
make[1]: *** [lwip-1.4.0/src/core/ipv4/ip_frag.o] 错误 1
In file included from lwip-1.4.0/src/core/tcp.c:43:0:
../../../include/lwip/opt.h:48:26: fatal error: mb_interface.h: No such file or directory
 #include "mb_interface.h"
                          ^
compilation terminated.
make[1]: *** [lwip-1.4.0/src/core/tcp.o] 错误 1
In file included from lwip-1.4.0/src/core/tcp_in.c:44:0:
../../../include/lwip/opt.h:48:26: fatal error: mb_interface.h: No such file or directory
 #include "mb_interface.h"
                          ^
compilation terminated.
make[1]: *** [lwip-1.4.0/src/core/tcp_in.o] 错误 1
In file included from lwip-1.4.0/src/core/tcp_out.c:41:0:
../../../include/lwip/opt.h:48:26: fatal error: mb_interface.h: No such file or directory
 #include "mb_interface.h"
                          ^
compilation terminated.
make[1]: *** [lwip-1.4.0/src/core/tcp_out.o] 错误 1
In file included from lwip-1.4.0/src/core/udp.c:49:0:
../../../include/lwip/opt.h:48:26: fatal error: mb_interface.h: No such file or directory
 #include "mb_interface.h"
                          ^
compilation terminated.
make[1]: *** [lwip-1.4.0/src/core/udp.o] 错误 1
In file included from lwip-1.4.0/src/core/dhcp.c:69:0:
../../../include/lwip/opt.h:48:26: fatal error: mb_interface.h: No such file or directory
 #include "mb_interface.h"
                          ^
compilation terminated.
make[1]: *** [lwip-1.4.0/src/core/dhcp.o] 错误 1
"Compiling lwIP adapter for Xilinx MAC"
contrib/ports/xilinx/sys_arch_raw.c:36:26: fatal error: mb_interface.h: No such file or directory
 #include "mb_interface.h"
                          ^
compilation terminated.
make[1]: *** [contrib/ports/xilinx/sys_arch_raw.o] 错误 1
In file included from ../../../include/lwip/mem.h:35:0,
                 from contrib/ports/xilinx/netif/xadapter.c:43:
../../../include/lwip/opt.h:48:26: fatal error: mb_interface.h: No such file or directory
 #include "mb_interface.h"
                          ^
compilation terminated.
make[1]: *** [contrib/ports/xilinx/netif/xadapter.o] 错误 1
make[1]: *** 没有规则可以创建“liblwip4.a”.需要的目标“contrib/ports/xilinx/netif/xtopology_g.o”
In file included from contrib/ports/xilinx/netif/xemacliteif.c:62:0:
../../../include/lwip/opt.h:48:26: fatal error: mb_interface.h: No such file or directory
 #include "mb_interface.h"
                          ^
compilation terminated.
make[1]: *** [contrib/ports/xilinx/netif/xemacliteif.o] 错误 1
make[1]: 由于错误目标“libs”并未重新创建。
make: *** [ps7_cortexa9_0/libsrc/lwip140_v2_3/src/make.libs] 错误 2
"Running Make libs in ps7_cortexa9_0/libsrc/scugic_v2_1/src"
make -C ps7_cortexa9_0/libsrc/scugic_v2_1/src -s libs  "SHELL=CMD" "COMPILER=arm-xilinx-eabi-gcc" "ARCHIVER=arm-xilinx-eabi-ar" "COMPILER_FLAGS=  -O2 -c" "EXTRA_COMPILER_FLAGS=-g"
"Compiling scugic"
xscugic.c:78:25: fatal error: xparameters.h: No such file or directory
 #include "xparameters.h"
                         ^
compilation terminated.
make[1]: *** [xscugic.o] 错误 1
In file included from xscugic_g.c:60:0:
xscugic.h:150:21: fatal error: xstatus.h: No such file or directory
 #include "xstatus.h"
                     ^
compilation terminated.
make[1]: *** [xscugic_g.o] 错误 1
xscugic_hw.c:70:25: fatal error: xparameters.h: No such file or directory
 #include "xparameters.h"
                         ^
compilation terminated.
make[1]: *** [xscugic_hw.o] 错误 1
xscugic_intr.c:78:23: fatal error: xil_types.h: No such file or directory
 #include "xil_types.h"
                       ^
compilation terminated.
make[1]: *** [xscugic_intr.o] 错误 1
xscugic_selftest.c:51:23: fatal error: xil_types.h: No such file or directory
 #include "xil_types.h"
                       ^
compilation terminated.
make[1]: *** [xscugic_selftest.o] 错误 1
xscugic_sinit.c:53:23: fatal error: xil_types.h: No such file or directory
 #include "xil_types.h"
                       ^
compilation terminated.
make[1]: *** [xscugic_sinit.o] 错误 1
make[1]: 由于错误目标“libs”并未重新创建。
make: *** [ps7_cortexa9_0/libsrc/scugic_v2_1/src/make.libs] 错误 2
"Running Make libs in ps7_cortexa9_0/libsrc/scutimer_v2_0/src"
make -C ps7_cortexa9_0/libsrc/scutimer_v2_0/src -s libs  "SHELL=CMD" "COMPILER=arm-xilinx-eabi-gcc" "ARCHIVER=arm-xilinx-eabi-ar" "COMPILER_FLAGS=  -O2 -c" "EXTRA_COMPILER_FLAGS=-g"
"Compiling scutimer"
In file included from xscutimer.c:52:0:
xscutimer.h:110:21: fatal error: xstatus.h: No such file or directory
 #include "xstatus.h"
                     ^
compilation terminated.
make[1]: *** [xscutimer.o] 错误 1
In file included from xscutimer_g.c:52:0:
xscutimer.h:110:21: fatal error: xstatus.h: No such file or directory
 #include "xstatus.h"
                     ^
compilation terminated.
make[1]: *** [xscutimer_g.o] 错误 1
In file included from xscutimer_selftest.c:51:0:
xscutimer.h:110:21: fatal error: xstatus.h: No such file or directory
 #include "xstatus.h"
                     ^
compilation terminated.
make[1]: *** [xscutimer_selftest.o] 错误 1
In file included from xscutimer_sinit.c:52:0:
xscutimer.h:110:21: fatal error: xstatus.h: No such file or directory
 #include "xstatus.h"
                     ^
compilation terminated.
make[1]: *** [xscutimer_sinit.o] 错误 1
make[1]: 由于错误目标“libs”并未重新创建。
make: *** [ps7_cortexa9_0/libsrc/scutimer_v2_0/src/make.libs] 错误 2
"Running Make libs in ps7_cortexa9_0/libsrc/scuwdt_v2_0/src"
make -C ps7_cortexa9_0/libsrc/scuwdt_v2_0/src -s libs  "SHELL=CMD" "COMPILER=arm-xilinx-eabi-gcc" "ARCHIVER=arm-xilinx-eabi-ar" "COMPILER_FLAGS=  -O2 -c" "EXTRA_COMPILER_FLAGS=-g"
"Compiling scuwdt"
In file included from xscuwdt.c:53:0:
xscuwdt.h:132:21: fatal error: xstatus.h: No such file or directory
 #include "xstatus.h"
                     ^
compilation terminated.
make[1]: *** [xscuwdt.o] 错误 1
In file included from xscuwdt_g.c:53:0:
xscuwdt.h:132:21: fatal error: xstatus.h: No such file or directory
 #include "xstatus.h"
                     ^
compilation terminated.
make[1]: *** [xscuwdt_g.o] 错误 1
In file included from xscuwdt_selftest.c:51:0:
xscuwdt.h:132:21: fatal error: xstatus.h: No such file or directory
 #include "xstatus.h"
                     ^
compilation terminated.
make[1]: *** [xscuwdt_selftest.o] 错误 1
In file included from xscuwdt_sinit.c:52:0:
xscuwdt.h:132:21: fatal error: xstatus.h: No such file or directory
 #include "xstatus.h"
                     ^
compilation terminated.
make[1]: *** [xscuwdt_sinit.o] 错误 1
make[1]: 由于错误目标“libs”并未重新创建。
make: *** [ps7_cortexa9_0/libsrc/scuwdt_v2_0/src/make.libs] 错误 2
"Running Make libs in ps7_cortexa9_0/libsrc/uartps_v2_2/src"
make -C ps7_cortexa9_0/libsrc/uartps_v2_2/src -s libs  "SHELL=CMD" "COMPILER=arm-xilinx-eabi-gcc" "ARCHIVER=arm-xilinx-eabi-ar" "COMPILER_FLAGS=  -O2 -c" "EXTRA_COMPILER_FLAGS=-g"
"Compiling uartps"
xuartps.c:54:21: fatal error: xstatus.h: No such file or directory
 #include "xstatus.h"
                     ^
compilation terminated.
make[1]: *** [xuartps.o] 错误 1
xuartps_g.c:53:25: fatal error: xparameters.h: No such file or directory
 #include "xparameters.h"
                         ^
compilation terminated.
make[1]: *** [xuartps_g.o] 错误 1
In file included from xuartps_hw.c:50:0:
xuartps_hw.h:67:23: fatal error: xil_types.h: No such file or directory
 #include "xil_types.h"
                       ^
compilation terminated.
make[1]: *** [xuartps_hw.o] 错误 1
In file included from xuartps_intr.c:51:0:
xuartps.h:169:23: fatal error: xil_types.h: No such file or directory
 #include "xil_types.h"
                       ^
compilation terminated.
make[1]: *** [xuartps_intr.o] 错误 1
In file included from xuartps_options.c:54:0:
xuartps.h:169:23: fatal error: xil_types.h: No such file or directory
 #include "xil_types.h"
                       ^
compilation terminated.
make[1]: *** [xuartps_options.o] 错误 1
xuartps_selftest.c:51:21: fatal error: xstatus.h: No such file or directory
 #include "xstatus.h"
                     ^
compilation terminated.
make[1]: *** [xuartps_selftest.o] 错误 1
xuartps_sinit.c:52:21: fatal error: xstatus.h: No such file or directory
 #include "xstatus.h"
                     ^
compilation terminated.
make[1]: *** [xuartps_sinit.o] 错误 1
make[1]: 由于错误目标“libs”并未重新创建。
make: *** [ps7_cortexa9_0/libsrc/uartps_v2_2/src/make.libs] 错误 2
"Running Make libs in ps7_cortexa9_0/libsrc/xadcps_v2_1/src"
make -C ps7_cortexa9_0/libsrc/xadcps_v2_1/src -s libs  "SHELL=CMD" "COMPILER=arm-xilinx-eabi-gcc" "ARCHIVER=arm-xilinx-eabi-ar" "COMPILER_FLAGS=  -O2 -c" "EXTRA_COMPILER_FLAGS=-g"
"Compiling xadcps"
In file included from xadcps.c:62:0:
xadcps.h:181:23: fatal error: xil_types.h: No such file or directory
 #include "xil_types.h"
                       ^
compilation terminated.
make[1]: *** [xadcps.o] 错误 1
In file included from xadcps_g.c:59:0:
xadcps.h:181:23: fatal error: xil_types.h: No such file or directory
 #include "xil_types.h"
                       ^
compilation terminated.
make[1]: *** [xadcps_g.o] 错误 1
In file included from xadcps_intr.c:65:0:
xadcps.h:181:23: fatal error: xil_types.h: No such file or directory
 #include "xil_types.h"
                       ^
compilation terminated.
make[1]: *** [xadcps_intr.o] 错误 1
In file included from xadcps_selftest.c:59:0:
xadcps.h:181:23: fatal error: xil_types.h: No such file or directory
 #include "xil_types.h"
                       ^
compilation terminated.
make[1]: *** [xadcps_selftest.o] 错误 1
xadcps_sinit.c:56:25: fatal error: xparameters.h: No such file or directory
 #include "xparameters.h"
                         ^
compilation terminated.
make[1]: *** [xadcps_sinit.o] 错误 1
make[1]: 由于错误目标“libs”并未重新创建。
make: *** [ps7_cortexa9_0/libsrc/xadcps_v2_1/src/make.libs] 错误 2
"Running Make libs in ps7_cortexa9_0/libsrc/xilffs_v2_2/src"
make -C ps7_cortexa9_0/libsrc/xilffs_v2_2/src -s libs  "SHELL=CMD" "COMPILER=arm-xilinx-eabi-gcc" "ARCHIVER=arm-xilinx-eabi-ar" "COMPILER_FLAGS=  -O2 -c" "EXTRA_COMPILER_FLAGS=-g"
"Compiling XilFFs Library"
ff.c:87:25: fatal error: xparameters.h: No such file or directory
 #include "xparameters.h"
                         ^
compilation terminated.
make[1]: *** [ff.o] 错误 1
diskio.c:75:25: fatal error: xparameters.h: No such file or directory
 #include "xparameters.h"
                         ^
compilation terminated.
make[1]: *** [diskio.o] 错误 1
make[1]: 由于错误目标“libs”并未重新创建。
make: *** [ps7_cortexa9_0/libsrc/xilffs_v2_2/src/make.libs] 错误 2
"Running Make libs in ps7_cortexa9_0/libsrc/xilflash_v4_0/src"
make -C ps7_cortexa9_0/libsrc/xilflash_v4_0/src -s libs  "SHELL=CMD" "COMPILER=arm-xilinx-eabi-gcc" "ARCHIVER=arm-xilinx-eabi-ar" "COMPILER_FLAGS=  -O2 -c" "EXTRA_COMPILER_FLAGS=-g"
"Compiling XilFlash Library:"
In file included from xilflash.c:74:0:
include/xilflash.h:221:23: fatal error: xil_types.h: No such file or directory
 #include "xil_types.h"
                       ^
compilation terminated.
make[1]: *** [xilflash.o] 错误 1
xilflash_cfi.c:93:23: fatal error: xil_types.h: No such file or directory
 #include "xil_types.h"
                       ^
compilation terminated.
make[1]: *** [xilflash_cfi.o] 错误 1
In file included from xilflash_intel.c:105:0:
include/xilflash.h:221:23: fatal error: xil_types.h: No such file or directory
 #include "xil_types.h"
                       ^
compilation terminated.
make[1]: *** [xilflash_intel.o] 错误 1
In file included from xilflash_amd.c:87:0:
include/xilflash.h:221:23: fatal error: xil_types.h: No such file or directory
 #include "xil_types.h"
                       ^
compilation terminated.
make[1]: *** [xilflash_amd.o] 错误 1
make[1]: 由于错误目标“libs”并未重新创建。
make: *** [ps7_cortexa9_0/libsrc/xilflash_v4_0/src/make.libs] 错误 2
"Running Make libs in ps7_cortexa9_0/libsrc/xilisf_v5_0/src"
make -C ps7_cortexa9_0/libsrc/xilisf_v5_0/src -s libs  "SHELL=CMD" "COMPILER=arm-xilinx-eabi-gcc" "ARCHIVER=arm-xilinx-eabi-ar" "COMPILER_FLAGS=  -O2 -c" "EXTRA_COMPILER_FLAGS=-g"
"Compiling XilIsf Library"
In file included from xilisf.c:98:0:
include/xilisf.h:503:25: fatal error: xparameters.h: No such file or directory
 #include "xparameters.h"
                         ^
compilation terminated.
make[1]: *** [xilisf.o] 错误 1
In file included from xilisf_read.c:61:0:
include/xilisf.h:503:25: fatal error: xparameters.h: No such file or directory
 #include "xparameters.h"
                         ^
compilation terminated.
make[1]: *** [xilisf_read.o] 错误 1
In file included from xilisf_erase.c:65:0:
include/xilisf.h:503:25: fatal error: xparameters.h: No such file or directory
 #include "xparameters.h"
                         ^
compilation terminated.
make[1]: *** [xilisf_erase.o] 错误 1
In file included from xilisf_write.c:63:0:
include/xilisf.h:503:25: fatal error: xparameters.h: No such file or directory
 #include "xparameters.h"
                         ^
compilation terminated.
make[1]: *** [xilisf_write.o] 错误 1
In file included from xilisf_spr.c:61:0:
include/xilisf.h:503:25: fatal error: xparameters.h: No such file or directory
 #include "xparameters.h"
                         ^
compilation terminated.
make[1]: *** [xilisf_spr.o] 错误 1
make[1]: 由于错误目标“libs”并未重新创建。
make: *** [ps7_cortexa9_0/libsrc/xilisf_v5_0/src/make.libs] 错误 2
"Running Make libs in ps7_cortexa9_0/libsrc/xilmfs_v2_0/src"
make -C ps7_cortexa9_0/libsrc/xilmfs_v2_0/src -s libs  "SHELL=CMD" "COMPILER=arm-xilinx-eabi-gcc" "ARCHIVER=arm-xilinx-eabi-ar" "COMPILER_FLAGS=  -O2 -c" "EXTRA_COMPILER_FLAGS=-g"
arm-xilinx-eabi-ar: creating ../../../lib/libxil.a
"Running Make libs in ps7_cortexa9_0/libsrc/xilrsa_v1_1/src"
make -C ps7_cortexa9_0/libsrc/xilrsa_v1_1/src -s libs  "SHELL=CMD" "COMPILER=arm-xilinx-eabi-gcc" "ARCHIVER=arm-xilinx-eabi-ar" "COMPILER_FLAGS=  -O2 -c" "EXTRA_COMPILER_FLAGS=-g"
"Running Make libs in ps7_cortexa9_0/libsrc/xilskey_v2_0/src"
make -C ps7_cortexa9_0/libsrc/xilskey_v2_0/src -s libs  "SHELL=CMD" "COMPILER=arm-xilinx-eabi-gcc" "ARCHIVER=arm-xilinx-eabi-ar" "COMPILER_FLAGS=  -O2 -c" "EXTRA_COMPILER_FLAGS=-g"
"Compiling Xilinx Secure Key Library..."
xilskey_eps.c:52:20: fatal error: xil_io.h: No such file or directory
 #include "xil_io.h"
                    ^
compilation terminated.
make[1]: *** [xilskey_eps.o] 错误 1
xilskey_epl.c:53:25: fatal error: xparameters.h: No such file or directory
 #include "xparameters.h"
                         ^
compilation terminated.
make[1]: *** [xilskey_epl.o] 错误 1
xilskey_utils.c:51:20: fatal error: xil_io.h: No such file or directory
 #include "xil_io.h"
                    ^
compilation terminated.
make[1]: *** [xilskey_utils.o] 错误 1
xilskey_jscmd.c:72:27: fatal error: xilskey_utils.h: No such file or directory
 #include "xilskey_utils.h"
                           ^
compilation terminated.
make[1]: *** [xilskey_jscmd.o] 错误 1
xilskey_bbram.c:49:25: fatal error: xparameters.h: No such file or directory
 #include "xparameters.h"
                         ^
compilation terminated.
make[1]: *** [xilskey_bbram.o] 错误 1
make[1]: 由于错误目标“libs”并未重新创建。
make: *** [ps7_cortexa9_0/libsrc/xilskey_v2_0/src/make.libs] 错误 2
make: 由于错误目标“all”并未重新创建。
10:37:46 **** Auto Build of project standalone_bsp_0 ****
make -k all 
'Finished building libraries'
10:39:08 **** Auto Build of project standalone_bsp_0 ****
make -k all 
"Running Make include in ps7_cortexa9_0/libsrc/cpu_cortexa9_v2_1/src"
make -C ps7_cortexa9_0/libsrc/cpu_cortexa9_v2_1/src -s include  "SHELL=CMD" "COMPILER=arm-xilinx-eabi-gcc" "ARCHIVER=arm-xilinx-eabi-ar" "COMPILER_FLAGS=  -O2 -c" "EXTRA_COMPILER_FLAGS=-g"
"Running Make include in ps7_cortexa9_0/libsrc/devcfg_v3_2/src"
make -C ps7_cortexa9_0/libsrc/devcfg_v3_2/src -s include  "SHELL=CMD" "COMPILER=arm-xilinx-eabi-gcc" "ARCHIVER=arm-xilinx-eabi-ar" "COMPILER_FLAGS=  -O2 -c" "EXTRA_COMPILER_FLAGS=-g"
"Running Make include in ps7_cortexa9_0/libsrc/dmaps_v2_1/src"
make -C ps7_cortexa9_0/libsrc/dmaps_v2_1/src -s include  "SHELL=CMD" "COMPILER=arm-xilinx-eabi-gcc" "ARCHIVER=arm-xilinx-eabi-ar" "COMPILER_FLAGS=  -O2 -c" "EXTRA_COMPILER_FLAGS=-g"
"Running Make include in ps7_cortexa9_0/libsrc/gpio_v4_0/src"
make -C ps7_cortexa9_0/libsrc/gpio_v4_0/src -s include  "SHELL=CMD" "COMPILER=arm-xilinx-eabi-gcc" "ARCHIVER=arm-xilinx-eabi-ar" "COMPILER_FLAGS=  -O2 -c" "EXTRA_COMPILER_FLAGS=-g"
"Running Make include in ps7_cortexa9_0/libsrc/scugic_v2_1/src"
make -C ps7_cortexa9_0/libsrc/scugic_v2_1/src -s include  "SHELL=CMD" "COMPILER=arm-xilinx-eabi-gcc" "ARCHIVER=arm-xilinx-eabi-ar" "COMPILER_FLAGS=  -O2 -c" "EXTRA_COMPILER_FLAGS=-g"
"Running Make include in ps7_cortexa9_0/libsrc/scutimer_v2_0/src"
make -C ps7_cortexa9_0/libsrc/scutimer_v2_0/src -s include  "SHELL=CMD" "COMPILER=arm-xilinx-eabi-gcc" "ARCHIVER=arm-xilinx-eabi-ar" "COMPILER_FLAGS=  -O2 -c" "EXTRA_COMPILER_FLAGS=-g"
"Running Make include in ps7_cortexa9_0/libsrc/scuwdt_v2_0/src"
make -C ps7_cortexa9_0/libsrc/scuwdt_v2_0/src -s include  "SHELL=CMD" "COMPILER=arm-xilinx-eabi-gcc" "ARCHIVER=arm-xilinx-eabi-ar" "COMPILER_FLAGS=  -O2 -c" "EXTRA_COMPILER_FLAGS=-g"
"Running Make include in ps7_cortexa9_0/libsrc/standalone_v4_2/src"
make -C ps7_cortexa9_0/libsrc/standalone_v4_2/src -s include  "SHELL=CMD" "COMPILER=arm-xilinx-eabi-gcc" "ARCHIVER=arm-xilinx-eabi-ar" "COMPILER_FLAGS=  -O2 -c" "EXTRA_COMPILER_FLAGS=-g"
"Running Make include in ps7_cortexa9_0/libsrc/uartps_v2_2/src"
make -C ps7_cortexa9_0/libsrc/uartps_v2_2/src -s include  "SHELL=CMD" "COMPILER=arm-xilinx-eabi-gcc" "ARCHIVER=arm-xilinx-eabi-ar" "COMPILER_FLAGS=  -O2 -c" "EXTRA_COMPILER_FLAGS=-g"
"Running Make include in ps7_cortexa9_0/libsrc/xadcps_v2_1/src"
make -C ps7_cortexa9_0/libsrc/xadcps_v2_1/src -s include  "SHELL=CMD" "COMPILER=arm-xilinx-eabi-gcc" "ARCHIVER=arm-xilinx-eabi-ar" "COMPILER_FLAGS=  -O2 -c" "EXTRA_COMPILER_FLAGS=-g"
"Running Make libs in ps7_cortexa9_0/libsrc/cpu_cortexa9_v2_1/src"
make -C ps7_cortexa9_0/libsrc/cpu_cortexa9_v2_1/src -s libs  "SHELL=CMD" "COMPILER=arm-xilinx-eabi-gcc" "ARCHIVER=arm-xilinx-eabi-ar" "COMPILER_FLAGS=  -O2 -c" "EXTRA_COMPILER_FLAGS=-g"
"Compiling cpu_cortexa9"
"Running Make libs in ps7_cortexa9_0/libsrc/devcfg_v3_2/src"
make -C ps7_cortexa9_0/libsrc/devcfg_v3_2/src -s libs  "SHELL=CMD" "COMPILER=arm-xilinx-eabi-gcc" "ARCHIVER=arm-xilinx-eabi-ar" "COMPILER_FLAGS=  -O2 -c" "EXTRA_COMPILER_FLAGS=-g"
"Compiling devcfg"
arm-xilinx-eabi-ar: creating ../../../lib/libxil.a
"Running Make libs in ps7_cortexa9_0/libsrc/dmaps_v2_1/src"
make -C ps7_cortexa9_0/libsrc/dmaps_v2_1/src -s libs  "SHELL=CMD" "COMPILER=arm-xilinx-eabi-gcc" "ARCHIVER=arm-xilinx-eabi-ar" "COMPILER_FLAGS=  -O2 -c" "EXTRA_COMPILER_FLAGS=-g"
"Compiling dmaps"
"Running Make libs in ps7_cortexa9_0/libsrc/gpio_v4_0/src"
make -C ps7_cortexa9_0/libsrc/gpio_v4_0/src -s libs  "SHELL=CMD" "COMPILER=arm-xilinx-eabi-gcc" "ARCHIVER=arm-xilinx-eabi-ar" "COMPILER_FLAGS=  -O2 -c" "EXTRA_COMPILER_FLAGS=-g"
"Compiling gpio"
"Running Make libs in ps7_cortexa9_0/libsrc/scugic_v2_1/src"
make -C ps7_cortexa9_0/libsrc/scugic_v2_1/src -s libs  "SHELL=CMD" "COMPILER=arm-xilinx-eabi-gcc" "ARCHIVER=arm-xilinx-eabi-ar" "COMPILER_FLAGS=  -O2 -c" "EXTRA_COMPILER_FLAGS=-g"
"Compiling scugic"
"Running Make libs in ps7_cortexa9_0/libsrc/scutimer_v2_0/src"
make -C ps7_cortexa9_0/libsrc/scutimer_v2_0/src -s libs  "SHELL=CMD" "COMPILER=arm-xilinx-eabi-gcc" "ARCHIVER=arm-xilinx-eabi-ar" "COMPILER_FLAGS=  -O2 -c" "EXTRA_COMPILER_FLAGS=-g"
"Compiling scutimer"
"Running Make libs in ps7_cortexa9_0/libsrc/scuwdt_v2_0/src"
make -C ps7_cortexa9_0/libsrc/scuwdt_v2_0/src -s libs  "SHELL=CMD" "COMPILER=arm-xilinx-eabi-gcc" "ARCHIVER=arm-xilinx-eabi-ar" "COMPILER_FLAGS=  -O2 -c" "EXTRA_COMPILER_FLAGS=-g"
"Compiling scuwdt"
"Running Make libs in ps7_cortexa9_0/libsrc/standalone_v4_2/src"
make -C ps7_cortexa9_0/libsrc/standalone_v4_2/src -s libs  "SHELL=CMD" "COMPILER=arm-xilinx-eabi-gcc" "ARCHIVER=arm-xilinx-eabi-ar" "COMPILER_FLAGS=  -O2 -c" "EXTRA_COMPILER_FLAGS=-g"
"Compiling standalone"
"Running Make libs in ps7_cortexa9_0/libsrc/uartps_v2_2/src"
make -C ps7_cortexa9_0/libsrc/uartps_v2_2/src -s libs  "SHELL=CMD" "COMPILER=arm-xilinx-eabi-gcc" "ARCHIVER=arm-xilinx-eabi-ar" "COMPILER_FLAGS=  -O2 -c" "EXTRA_COMPILER_FLAGS=-g"
"Compiling uartps"
"Running Make libs in ps7_cortexa9_0/libsrc/xadcps_v2_1/src"
make -C ps7_cortexa9_0/libsrc/xadcps_v2_1/src -s libs  "SHELL=CMD" "COMPILER=arm-xilinx-eabi-gcc" "ARCHIVER=arm-xilinx-eabi-ar" "COMPILER_FLAGS=  -O2 -c" "EXTRA_COMPILER_FLAGS=-g"
"Compiling xadcps"
'Finished building libraries'
10:40:29 **** Auto Build of project standalone_bsp_0 ****
make -k all 
"Running Make include in ps7_cortexa9_0/libsrc/cpu_cortexa9_v2_1/src"
make -C ps7_cortexa9_0/libsrc/cpu_cortexa9_v2_1/src -s include  "SHELL=CMD" "COMPILER=arm-xilinx-eabi-gcc" "ARCHIVER=arm-xilinx-eabi-ar" "COMPILER_FLAGS=  -O2 -c" "EXTRA_COMPILER_FLAGS=-g"
"Running Make include in ps7_cortexa9_0/libsrc/devcfg_v3_2/src"
make -C ps7_cortexa9_0/libsrc/devcfg_v3_2/src -s include  "SHELL=CMD" "COMPILER=arm-xilinx-eabi-gcc" "ARCHIVER=arm-xilinx-eabi-ar" "COMPILER_FLAGS=  -O2 -c" "EXTRA_COMPILER_FLAGS=-g"
"Running Make include in ps7_cortexa9_0/libsrc/dmaps_v2_1/src"
make -C ps7_cortexa9_0/libsrc/dmaps_v2_1/src -s include  "SHELL=CMD" "COMPILER=arm-xilinx-eabi-gcc" "ARCHIVER=arm-xilinx-eabi-ar" "COMPILER_FLAGS=  -O2 -c" "EXTRA_COMPILER_FLAGS=-g"
"Running Make include in ps7_cortexa9_0/libsrc/gpio_v4_0/src"
make -C ps7_cortexa9_0/libsrc/gpio_v4_0/src -s include  "SHELL=CMD" "COMPILER=arm-xilinx-eabi-gcc" "ARCHIVER=arm-xilinx-eabi-ar" "COMPILER_FLAGS=  -O2 -c" "EXTRA_COMPILER_FLAGS=-g"
"Running Make include in ps7_cortexa9_0/libsrc/scugic_v2_1/src"
make -C ps7_cortexa9_0/libsrc/scugic_v2_1/src -s include  "SHELL=CMD" "COMPILER=arm-xilinx-eabi-gcc" "ARCHIVER=arm-xilinx-eabi-ar" "COMPILER_FLAGS=  -O2 -c" "EXTRA_COMPILER_FLAGS=-g"
"Running Make include in ps7_cortexa9_0/libsrc/scutimer_v2_0/src"
make -C ps7_cortexa9_0/libsrc/scutimer_v2_0/src -s include  "SHELL=CMD" "COMPILER=arm-xilinx-eabi-gcc" "ARCHIVER=arm-xilinx-eabi-ar" "COMPILER_FLAGS=  -O2 -c" "EXTRA_COMPILER_FLAGS=-g"
"Running Make include in ps7_cortexa9_0/libsrc/scuwdt_v2_0/src"
make -C ps7_cortexa9_0/libsrc/scuwdt_v2_0/src -s include  "SHELL=CMD" "COMPILER=arm-xilinx-eabi-gcc" "ARCHIVER=arm-xilinx-eabi-ar" "COMPILER_FLAGS=  -O2 -c" "EXTRA_COMPILER_FLAGS=-g"
"Running Make include in ps7_cortexa9_0/libsrc/standalone_v4_2/src"
make -C ps7_cortexa9_0/libsrc/standalone_v4_2/src -s include  "SHELL=CMD" "COMPILER=arm-xilinx-eabi-gcc" "ARCHIVER=arm-xilinx-eabi-ar" "COMPILER_FLAGS=  -O2 -c" "EXTRA_COMPILER_FLAGS=-g"
"Running Make include in ps7_cortexa9_0/libsrc/uartps_v2_2/src"
make -C ps7_cortexa9_0/libsrc/uartps_v2_2/src -s include  "SHELL=CMD" "COMPILER=arm-xilinx-eabi-gcc" "ARCHIVER=arm-xilinx-eabi-ar" "COMPILER_FLAGS=  -O2 -c" "EXTRA_COMPILER_FLAGS=-g"
"Running Make include in ps7_cortexa9_0/libsrc/xadcps_v2_1/src"
make -C ps7_cortexa9_0/libsrc/xadcps_v2_1/src -s include  "SHELL=CMD" "COMPILER=arm-xilinx-eabi-gcc" "ARCHIVER=arm-xilinx-eabi-ar" "COMPILER_FLAGS=  -O2 -c" "EXTRA_COMPILER_FLAGS=-g"
"Running Make libs in ps7_cortexa9_0/libsrc/cpu_cortexa9_v2_1/src"
make -C ps7_cortexa9_0/libsrc/cpu_cortexa9_v2_1/src -s libs  "SHELL=CMD" "COMPILER=arm-xilinx-eabi-gcc" "ARCHIVER=arm-xilinx-eabi-ar" "COMPILER_FLAGS=  -O2 -c" "EXTRA_COMPILER_FLAGS=-g"
"Compiling cpu_cortexa9"
"Running Make libs in ps7_cortexa9_0/libsrc/devcfg_v3_2/src"
make -C ps7_cortexa9_0/libsrc/devcfg_v3_2/src -s libs  "SHELL=CMD" "COMPILER=arm-xilinx-eabi-gcc" "ARCHIVER=arm-xilinx-eabi-ar" "COMPILER_FLAGS=  -O2 -c" "EXTRA_COMPILER_FLAGS=-g"
"Compiling devcfg"
arm-xilinx-eabi-ar: creating ../../../lib/libxil.a
"Running Make libs in ps7_cortexa9_0/libsrc/dmaps_v2_1/src"
make -C ps7_cortexa9_0/libsrc/dmaps_v2_1/src -s libs  "SHELL=CMD" "COMPILER=arm-xilinx-eabi-gcc" "ARCHIVER=arm-xilinx-eabi-ar" "COMPILER_FLAGS=  -O2 -c" "EXTRA_COMPILER_FLAGS=-g"
"Compiling dmaps"
"Running Make libs in ps7_cortexa9_0/libsrc/gpio_v4_0/src"
make -C ps7_cortexa9_0/libsrc/gpio_v4_0/src -s libs  "SHELL=CMD" "COMPILER=arm-xilinx-eabi-gcc" "ARCHIVER=arm-xilinx-eabi-ar" "COMPILER_FLAGS=  -O2 -c" "EXTRA_COMPILER_FLAGS=-g"
"Compiling gpio"
"Running Make libs in ps7_cortexa9_0/libsrc/scugic_v2_1/src"
make -C ps7_cortexa9_0/libsrc/scugic_v2_1/src -s libs  "SHELL=CMD" "COMPILER=arm-xilinx-eabi-gcc" "ARCHIVER=arm-xilinx-eabi-ar" "COMPILER_FLAGS=  -O2 -c" "EXTRA_COMPILER_FLAGS=-g"
"Compiling scugic"
"Running Make libs in ps7_cortexa9_0/libsrc/scutimer_v2_0/src"
make -C ps7_cortexa9_0/libsrc/scutimer_v2_0/src -s libs  "SHELL=CMD" "COMPILER=arm-xilinx-eabi-gcc" "ARCHIVER=arm-xilinx-eabi-ar" "COMPILER_FLAGS=  -O2 -c" "EXTRA_COMPILER_FLAGS=-g"
"Compiling scutimer"
"Running Make libs in ps7_cortexa9_0/libsrc/scuwdt_v2_0/src"
make -C ps7_cortexa9_0/libsrc/scuwdt_v2_0/src -s libs  "SHELL=CMD" "COMPILER=arm-xilinx-eabi-gcc" "ARCHIVER=arm-xilinx-eabi-ar" "COMPILER_FLAGS=  -O2 -c" "EXTRA_COMPILER_FLAGS=-g"
"Compiling scuwdt"
"Running Make libs in ps7_cortexa9_0/libsrc/standalone_v4_2/src"
make -C ps7_cortexa9_0/libsrc/standalone_v4_2/src -s libs  "SHELL=CMD" "COMPILER=arm-xilinx-eabi-gcc" "ARCHIVER=arm-xilinx-eabi-ar" "COMPILER_FLAGS=  -O2 -c" "EXTRA_COMPILER_FLAGS=-g"
"Compiling standalone"
"Running Make libs in ps7_cortexa9_0/libsrc/uartps_v2_2/src"
make -C ps7_cortexa9_0/libsrc/uartps_v2_2/src -s libs  "SHELL=CMD" "COMPILER=arm-xilinx-eabi-gcc" "ARCHIVER=arm-xilinx-eabi-ar" "COMPILER_FLAGS=  -O2 -c" "EXTRA_COMPILER_FLAGS=-g"
"Compiling uartps"
"Running Make libs in ps7_cortexa9_0/libsrc/xadcps_v2_1/src"
make -C ps7_cortexa9_0/libsrc/xadcps_v2_1/src -s libs  "SHELL=CMD" "COMPILER=arm-xilinx-eabi-gcc" "ARCHIVER=arm-xilinx-eabi-ar" "COMPILER_FLAGS=  -O2 -c" "EXTRA_COMPILER_FLAGS=-g"
"Compiling xadcps"
'Finished building libraries'

**** Build of configuration Debug for project TestApp ****

Nothing to build for project TestApp
10:46:27 **** Auto Build of configuration Debug for project TestApp ****
make all 
'Building file: ../src/lab2.c'
'Invoking: ARM gcc compiler'
arm-xilinx-eabi-gcc -Wall -O0 -g3 -c -fmessage-length=0 -MT"src/lab2.o" -I../../standalone_bsp_0/ps7_cortexa9_0/include -MMD -MP -MF"src/lab2.d" -MT"src/lab2.d" -o "src/lab2.o" "../src/lab2.c"
../src/lab2.c:3:19: fatal error: xutil.h: No such file or directory
 #include "xutil.h"
                   ^
compilation terminated.
make: *** [src/lab2.o] 错误 1
10:47:38 **** Auto Build of configuration Debug for project TestApp ****
make all 
'Building file: ../src/lab2.c'
'Invoking: ARM gcc compiler'
arm-xilinx-eabi-gcc -Wall -O0 -g3 -c -fmessage-length=0 -MT"src/lab2.o" -I../../standalone_bsp_0/ps7_cortexa9_0/include -MMD -MP -MF"src/lab2.d" -MT"src/lab2.d" -o "src/lab2.o" "../src/lab2.c"
In file included from ../src/xutil.h:112:0,
                 from ../src/lab2.c:3:
../../standalone_bsp_0/ps7_cortexa9_0/include/xbasic_types.h:115:2: warning: #warning The xbasics_type.h file is deprecated and users should use xil_types.h and xil_assert. [-Wcpp]
 #warning  The xbasics_type.h file is deprecated and users should use xil_types.h and xil_assert.
  ^
../../standalone_bsp_0/ps7_cortexa9_0/include/xbasic_types.h:116:2: warning: #warning Please refer the Standalone BSP UG647 for further details [-Wcpp]
 #warning  Please refer the Standalone BSP UG647 for further details
  ^
'Finished building: ../src/lab2.c'
' '
'Building target: TestApp.elf'
'Invoking: ARM gcc linker'
arm-xilinx-eabi-gcc -Wl,-T -Wl,../src/lscript.ld -L../../standalone_bsp_0/ps7_cortexa9_0/lib -o "TestApp.elf"  ./src/lab2.o   -Wl,--start-group,-lxil,-lgcc,-lc,--end-group
'Finished building target: TestApp.elf'
' '
'Invoking: ARM Print Size'
arm-xilinx-eabi-size TestApp.elf  |tee "TestApp.elf.size"
   text	   data	    bss	    dec	    hex	filename
  24012	   1192	  22564	  47768	   ba98	TestApp.elf
'Finished building: TestApp.elf.size'
' '
10:48:05 **** Incremental Build of configuration Debug for project TestApp ****
make all 
make: Nothing to be done for `all'.
10:51:14 **** Incremental Build of configuration Debug for project TestApp ****
make all 
make: Nothing to be done for `all'.
10:52:17 **** Incremental Build of configuration Debug for project TestApp ****
make all 
make: Nothing to be done for `all'.
